[debug] [2025-11-23T13:19:18.378Z] ----------------------------------------------------------------------
[debug] [2025-11-23T13:19:18.383Z] Command:       C:\Program Files\nodejs\node.exe C:\Users\Orillos\AppData\Roaming\npm\node_modules\firebase-tools\lib\bin\firebase.js projects:list
[debug] [2025-11-23T13:19:18.384Z] CLI Version:   13.28.0
[debug] [2025-11-23T13:19:18.384Z] Platform:      win32
[debug] [2025-11-23T13:19:18.384Z] Node Version:  v22.20.0
[debug] [2025-11-23T13:19:18.385Z] Time:          Sun Nov 23 2025 21:19:18 GMT+0800 (China Standard Time)
[debug] [2025-11-23T13:19:18.385Z] ----------------------------------------------------------------------
[debug] 
[debug] [2025-11-23T13:19:18.389Z] >>> [apiv2][query] GET https://firebase-public.firebaseio.com/cli.json [none]
[debug] [2025-11-23T13:19:18.523Z] > command requires scopes: ["email","openid","https://www.googleapis.com/auth/cloudplatformprojects.readonly","https://www.googleapis.com/auth/firebase","https://www.googleapis.com/auth/cloud-platform"]
[debug] [2025-11-23T13:19:18.524Z] > authorizing via signed-in user (orillosdominique@gmail.com)
[debug] [2025-11-23T13:19:18.531Z] Checked if tokens are valid: false, expires at: 1733762321293
[debug] [2025-11-23T13:19:18.532Z] Checked if tokens are valid: false, expires at: 1733762321293
[debug] [2025-11-23T13:19:18.532Z] > refreshing access token with scopes: []
[debug] [2025-11-23T13:19:18.533Z] >>> [apiv2][query] POST https://www.googleapis.com/oauth2/v3/token [none]
[debug] [2025-11-23T13:19:18.533Z] >>> [apiv2][body] POST https://www.googleapis.com/oauth2/v3/token [omitted]
[debug] [2025-11-23T13:19:18.696Z] <<< [apiv2][status] POST https://www.googleapis.com/oauth2/v3/token 400
[debug] [2025-11-23T13:19:18.697Z] <<< [apiv2][body] POST https://www.googleapis.com/oauth2/v3/token [omitted]
[debug] [2025-11-23T13:19:18.697Z] >>> [apiv2][query] GET https://firebase.googleapis.com/v1beta1/projects pageSize=1000
[debug] [2025-11-23T13:19:18.816Z] <<< [apiv2][status] GET https://firebase.googleapis.com/v1beta1/projects 401
[debug] [2025-11-23T13:19:18.816Z] <<< [apiv2][body] GET https://firebase.googleapis.com/v1beta1/projects [omitted]
[debug] [2025-11-23T13:19:18.816Z] Got a 401 Unauthenticated error for a call that required authentication. Refreshing tokens.
[debug] [2025-11-23T13:19:18.816Z] Checked if tokens are valid: false, expires at: 1733762321293
[debug] [2025-11-23T13:19:18.817Z] Checked if tokens are valid: false, expires at: 1733762321293
[debug] [2025-11-23T13:19:18.817Z] > refreshing access token with scopes: []
[debug] [2025-11-23T13:19:18.818Z] >>> [apiv2][query] POST https://www.googleapis.com/oauth2/v3/token [none]
[debug] [2025-11-23T13:19:18.818Z] >>> [apiv2][body] POST https://www.googleapis.com/oauth2/v3/token [omitted]
[debug] [2025-11-23T13:19:18.899Z] <<< [apiv2][status] POST https://www.googleapis.com/oauth2/v3/token 400
[debug] [2025-11-23T13:19:18.900Z] <<< [apiv2][body] POST https://www.googleapis.com/oauth2/v3/token [omitted]
[debug] [2025-11-23T13:19:18.901Z] Request to https://firebase.googleapis.com/v1beta1/projects?pageSize=1000 had HTTP Error: 401, Request had invalid authentication credentials. Expected OAuth 2 access token, login cookie or other valid authentication credential. See https://developers.google.com/identity/sign-in/web/devconsole-project.
[debug] [2025-11-23T13:19:18.997Z] FirebaseError: Request to https://firebase.googleapis.com/v1beta1/projects?pageSize=1000 had HTTP Error: 401, Request had invalid authentication credentials. Expected OAuth 2 access token, login cookie or other valid authentication credential. See https://developers.google.com/identity/sign-in/web/devconsole-project.
    at responseToError (C:\Users\Orillos\AppData\Roaming\npm\node_modules\firebase-tools\lib\responseToError.js:52:12)
    at RetryOperation._fn (C:\Users\Orillos\AppData\Roaming\npm\node_modules\firebase-tools\lib\apiv2.js:312:77)
    at process.processTicksAndRejections (node:internal/process/task_queues:105:5)
[error] 
[error] Error: Failed to list Firebase projects. See firebase-debug.log for more info.
[debug] [2025-11-23T13:19:19.081Z] <<< [apiv2][status] GET https://firebase-public.firebaseio.com/cli.json 200
[debug] [2025-11-23T13:19:19.082Z] <<< [apiv2][body] GET https://firebase-public.firebaseio.com/cli.json {"cloudBuildErrorAfter":1594252800000,"cloudBuildWarnAfter":1590019200000,"defaultNode10After":1594252800000,"minVersion":"3.0.5","node8DeploysDisabledAfter":1613390400000,"node8RuntimeDisabledAfter":1615809600000,"node8WarnAfter":1600128000000}
